// Vitest Snapshot v1, https://vitest.dev/guide/snapshot.html

exports[`<Modal> > renders and matches snapshot 1`] = `<div />`;
