// Vitest Snapshot v1, https://vitest.dev/guide/snapshot.html

exports[`<Alert> > renders and matches snapshot 1`] = `<div />`;
