// Vitest Snapshot v1, https://vitest.dev/guide/snapshot.html

exports[`<FormFeedback> > renders and matches snapshot 1`] = `
<div>
  <div
    class="_formFeedback_99f247 _error_99f247"
  >
    Form feedback
  </div>
</div>
`;
