// Vitest Snapshot v1, https://vitest.dev/guide/snapshot.html

exports[`<LanguageMenu> > renders and matches snapshot 1`] = `
<div>
  <ul
    class="_menuItems_0acc33"
  >
    <li
      class="_menuItem_0acc33"
    >
      <a
        class="_link_a14c64"
      >
        English
      </a>
    </li>
    <li
      class="_menuItem_0acc33 _menuItemActive_0acc33"
    >
      <a
        class="_link_a14c64"
      >
        espa√±ol
      </a>
    </li>
  </ul>
</div>
`;
